{
  "caf\u00e9": "na\u00efve",
  "key_\u00e9": "value_\u00eb"
}