{
  "keep": "value",
  "remove": null,
  "nested": {
    "keep_nested": "val",
    "remove_nested": null
  }
}