{
  "true_val": true,
  "false_val": false,
  "number": 42
}